Semi colon missing at :29
Semi colon missing at :34
